// Jest Snapshot v1, https://goo.gl/fbAQLP

exports[`StoreLocator tests renders correctly 1`] = `
<div>
  <div />
  <div
    className="MapBox"
  >
    <img
      alt={undefined}
      src="images/none.png"
    />
  </div>
</div>
`;
